[INFO] Scanning for projects...
[INFO] 
[INFO] ----------------------< com.codeplatform:backend >----------------------
[INFO] Building  0.0.1-SNAPSHOT
[INFO]   from pom.xml
[INFO] --------------------------------[ jar ]---------------------------------
[INFO] 
[INFO] >>> spring-boot:3.5.15:run (default-cli) > test-compile @ backend >>>
[INFO] 
[INFO] --- kotlin:2.3.10:kapt (default-kapt) @ backend ---
[INFO] No sources to compile
[INFO] 
[INFO] --- resources:3.3.1:resources (default-resources) @ backend ---
[INFO] Copying 3 resources from src/main/resources to target/classes
[INFO] Copying 0 resource from src/main/resources to target/classes
[INFO] 
[INFO] --- kotlin:2.3.10:compile (default-compile) @ backend ---
[INFO] No sources to compile
[INFO] 
[INFO] --- kotlin:2.3.10:compile (compile) @ backend ---
[INFO] No sources to compile
[INFO] 
[INFO] --- compiler:3.14.1:compile (compile) @ backend ---
[INFO] Recompiling the module because of changed source code.
[INFO] Compiling 144 source files with javac [debug parameters release 21] to target/classes
[WARNING] /home/vishal/projects/cdac-project/backend/src/main/java/com/codeplatform/backend/tags/TagEntity.java:[28,32] @Builder will ignore the initializing expression entirely. If you want the initializing expression to serve as default, add @Builder.Default. If it is not supposed to be settable during building, make the field final.
[WARNING] /home/vishal/projects/cdac-project/backend/src/main/java/com/codeplatform/backend/auth/refreshtoken/RefreshTokenEntity.java:[28,21] @Builder will ignore the initializing expression entirely. If you want the initializing expression to serve as default, add @Builder.Default. If it is not supposed to be settable during building, make the field final.
[WARNING] /home/vishal/projects/cdac-project/backend/src/main/java/com/codeplatform/backend/user/UserEntity.java:[39,22] @Builder will ignore the initializing expression entirely. If you want the initializing expression to serve as default, add @Builder.Default. If it is not supposed to be settable during building, make the field final.
[WARNING] /home/vishal/projects/cdac-project/backend/src/main/java/com/codeplatform/backend/user/UserEntity.java:[42,21] @Builder will ignore the initializing expression entirely. If you want the initializing expression to serve as default, add @Builder.Default. If it is not supposed to be settable during building, make the field final.
[WARNING] /home/vishal/projects/cdac-project/backend/src/main/java/com/codeplatform/backend/problem/ProblemMapper.java:[13,19] Unmapped target properties: "id, author, createdAt, updatedAt, tags".
[WARNING] /home/vishal/projects/cdac-project/backend/src/main/java/com/codeplatform/backend/user/UserMapper.java:[12,18] Unmapped target property: "role".
[WARNING] /home/vishal/projects/cdac-project/backend/src/main/java/com/codeplatform/backend/user/UserMapper.java:[16,10] Unmapped target properties: "id, email, password, userRole, enabled, lockUntil, createdAt, updatedAt, deletedAt".
[WARNING] /home/vishal/projects/cdac-project/backend/src/main/java/com/codeplatform/backend/auth/AuthMapper.java:[12,16] Unmapped target properties: "id, profileImageUrl, bio, userRole, enabled, lockUntil, createdAt, updatedAt, deletedAt".
[INFO] 
[INFO] --- kotlin:2.3.10:test-kapt (default-test-kapt) @ backend ---
[INFO] No sources to compile
[INFO] 
[INFO] --- resources:3.3.1:testResources (default-testResources) @ backend ---
[INFO] skip non existing resourceDirectory /home/vishal/projects/cdac-project/backend/src/test/resources
[INFO] 
[INFO] --- kotlin:2.3.10:test-compile (default-test-compile) @ backend ---
[INFO] No sources to compile
[INFO] 
[INFO] --- kotlin:2.3.10:test-compile (test-compile) @ backend ---
[INFO] No sources to compile
[INFO] 
[INFO] --- compiler:3.14.1:testCompile (testCompile) @ backend ---
[INFO] Recompiling the module because of changed dependency.
[INFO] Compiling 1 source file with javac [debug parameters release 21] to target/test-classes
[WARNING] The following options were not recognized by any processor: '[mapstruct.defaultComponentModel]'
[INFO] 
[INFO] <<< spring-boot:3.5.15:run (default-cli) < test-compile @ backend <<<
[INFO] 
[INFO] 
[INFO] --- spring-boot:3.5.15:run (default-cli) @ backend ---
[INFO] Attaching agents: []

  .   ____          _            __ _ _
 /\\ / ___'_ __ _ _(_)_ __  __ _ \ \ \ \
( ( )\___ | '_ | '_| | '_ \/ _` | \ \ \ \
 \\/  ___)| |_)| | | | | || (_| |  ) ) ) )
  '  |____| .__|_| |_|_| |_\__, | / / / /
 =========|_|==============|___/=/_/_/_/

 :: Spring Boot ::               (v3.5.15)

2026-08-11T03:05:45.057+05:30  INFO 35851 --- [backend] [           main] c.c.backend.BackendApplication           : Starting BackendApplication using Java 21.0.12 with PID 35851 (/home/vishal/projects/cdac-project/backend/target/classes started by vishal in /home/vishal/projects/cdac-project/backend)
2026-08-11T03:05:45.059+05:30  INFO 35851 --- [backend] [           main] c.c.backend.BackendApplication           : The following 1 profile is active: "dev"
2026-08-11T03:05:45.799+05:30  INFO 35851 --- [backend] [           main] .s.d.r.c.RepositoryConfigurationDelegate : Multiple Spring Data modules found, entering strict repository configuration mode
2026-08-11T03:05:45.800+05:30  INFO 35851 --- [backend] [           main] .s.d.r.c.RepositoryConfigurationDelegate : Bootstrapping Spring Data JPA repositories in DEFAULT mode.
2026-08-11T03:05:45.913+05:30  INFO 35851 --- [backend] [           main] .s.d.r.c.RepositoryConfigurationDelegate : Finished Spring Data repository scanning in 107 ms. Found 9 JPA repository interfaces.
2026-08-11T03:05:45.923+05:30  INFO 35851 --- [backend] [           main] .s.d.r.c.RepositoryConfigurationDelegate : Multiple Spring Data modules found, entering strict repository configuration mode
2026-08-11T03:05:45.924+05:30  INFO 35851 --- [backend] [           main] .s.d.r.c.RepositoryConfigurationDelegate : Bootstrapping Spring Data Redis repositories in DEFAULT mode.
2026-08-11T03:05:45.934+05:30  INFO 35851 --- [backend] [           main] .RepositoryConfigurationExtensionSupport : Spring Data Redis - Could not safely identify store assignment for repository candidate interface com.codeplatform.backend.auth.refreshtoken.RefreshTokenRepository; If you want this repository to be a Redis repository, consider annotating your entities with one of these annotations: org.springframework.data.redis.core.RedisHash (preferred), or consider extending one of the following types with your repository: org.springframework.data.keyvalue.repository.KeyValueRepository
2026-08-11T03:05:45.935+05:30  INFO 35851 --- [backend] [           main] .RepositoryConfigurationExtensionSupport : Spring Data Redis - Could not safely identify store assignment for repository candidate interface com.codeplatform.backend.hint.HintRepository; If you want this repository to be a Redis repository, consider annotating your entities with one of these annotations: org.springframework.data.redis.core.RedisHash (preferred), or consider extending one of the following types with your repository: org.springframework.data.keyvalue.repository.KeyValueRepository
2026-08-11T03:05:45.935+05:30  INFO 35851 --- [backend] [           main] .RepositoryConfigurationExtensionSupport : Spring Data Redis - Could not safely identify store assignment for repository candidate interface com.codeplatform.backend.language.LanguageRepository; If you want this repository to be a Redis repository, consider annotating your entities with one of these annotations: org.springframework.data.redis.core.RedisHash (preferred), or consider extending one of the following types with your repository: org.springframework.data.keyvalue.repository.KeyValueRepository
2026-08-11T03:05:45.935+05:30  INFO 35851 --- [backend] [           main] .RepositoryConfigurationExtensionSupport : Spring Data Redis - Could not safely identify store assignment for repository candidate interface com.codeplatform.backend.problem.ProblemRepository; If you want this repository to be a Redis repository, consider annotating your entities with one of these annotations: org.springframework.data.redis.core.RedisHash (preferred), or consider extending one of the following types with your repository: org.springframework.data.keyvalue.repository.KeyValueRepository
2026-08-11T03:05:45.935+05:30  INFO 35851 --- [backend] [           main] .RepositoryConfigurationExtensionSupport : Spring Data Redis - Could not safely identify store assignment for repository candidate interface com.codeplatform.backend.problemtemplate.ProblemTemplateRepository; If you want this repository to be a Redis repository, consider annotating your entities with one of these annotations: org.springframework.data.redis.core.RedisHash (preferred), or consider extending one of the following types with your repository: org.springframework.data.keyvalue.repository.KeyValueRepository
2026-08-11T03:05:45.935+05:30  INFO 35851 --- [backend] [           main] .RepositoryConfigurationExtensionSupport : Spring Data Redis - Could not safely identify store assignment for repository candidate interface com.codeplatform.backend.submission.SubmissionRepository; If you want this repository to be a Redis repository, consider annotating your entities with one of these annotations: org.springframework.data.redis.core.RedisHash (preferred), or consider extending one of the following types with your repository: org.springframework.data.keyvalue.repository.KeyValueRepository
2026-08-11T03:05:45.936+05:30  INFO 35851 --- [backend] [           main] .RepositoryConfigurationExtensionSupport : Spring Data Redis - Could not safely identify store assignment for repository candidate interface com.codeplatform.backend.tags.TagRepository; If you want this repository to be a Redis repository, consider annotating your entities with one of these annotations: org.springframework.data.redis.core.RedisHash (preferred), or consider extending one of the following types with your repository: org.springframework.data.keyvalue.repository.KeyValueRepository
2026-08-11T03:05:45.936+05:30  INFO 35851 --- [backend] [           main] .RepositoryConfigurationExtensionSupport : Spring Data Redis - Could not safely identify store assignment for repository candidate interface com.codeplatform.backend.testcase.TestCaseRepository; If you want this repository to be a Redis repository, consider annotating your entities with one of these annotations: org.springframework.data.redis.core.RedisHash (preferred), or consider extending one of the following types with your repository: org.springframework.data.keyvalue.repository.KeyValueRepository
2026-08-11T03:05:45.936+05:30  INFO 35851 --- [backend] [           main] .RepositoryConfigurationExtensionSupport : Spring Data Redis - Could not safely identify store assignment for repository candidate interface com.codeplatform.backend.user.UserRepository; If you want this repository to be a Redis repository, consider annotating your entities with one of these annotations: org.springframework.data.redis.core.RedisHash (preferred), or consider extending one of the following types with your repository: org.springframework.data.keyvalue.repository.KeyValueRepository
2026-08-11T03:05:45.936+05:30  INFO 35851 --- [backend] [           main] .s.d.r.c.RepositoryConfigurationDelegate : Finished Spring Data repository scanning in 6 ms. Found 0 Redis repository interfaces.
2026-08-11T03:05:46.327+05:30  INFO 35851 --- [backend] [           main] o.s.b.w.embedded.tomcat.TomcatWebServer  : Tomcat initialized with port 8080 (http)
2026-08-11T03:05:46.336+05:30  INFO 35851 --- [backend] [           main] o.apache.catalina.core.StandardService   : Starting service [Tomcat]
2026-08-11T03:05:46.337+05:30  INFO 35851 --- [backend] [           main] o.apache.catalina.core.StandardEngine    : Starting Servlet engine: [Apache Tomcat/10.1.55]
2026-08-11T03:05:46.367+05:30  INFO 35851 --- [backend] [           main] o.a.c.c.C.[Tomcat].[localhost].[/]       : Initializing Spring embedded WebApplicationContext
2026-08-11T03:05:46.368+05:30  INFO 35851 --- [backend] [           main] w.s.c.ServletWebServerApplicationContext : Root WebApplicationContext: initialization completed in 1283 ms
2026-08-11T03:05:46.514+05:30  INFO 35851 --- [backend] [           main] o.hibernate.jpa.internal.util.LogHelper  : HHH000204: Processing PersistenceUnitInfo [name: default]
2026-08-11T03:05:46.543+05:30  INFO 35851 --- [backend] [           main] org.hibernate.Version                    : HHH000412: Hibernate ORM core version 6.6.53.Final
2026-08-11T03:05:46.563+05:30  INFO 35851 --- [backend] [           main] o.h.c.internal.RegionFactoryInitiator    : HHH000026: Second-level cache disabled
2026-08-11T03:05:46.726+05:30  INFO 35851 --- [backend] [           main] o.s.o.j.p.SpringPersistenceUnitInfo      : No LoadTimeWeaver setup: ignoring JPA class transformer
2026-08-11T03:05:46.753+05:30  INFO 35851 --- [backend] [           main] com.zaxxer.hikari.HikariDataSource       : HikariPool-1 - Starting...
2026-08-11T03:05:46.854+05:30  INFO 35851 --- [backend] [           main] com.zaxxer.hikari.pool.HikariPool        : HikariPool-1 - Added connection org.postgresql.jdbc.PgConnection@36762234
2026-08-11T03:05:46.855+05:30  INFO 35851 --- [backend] [           main] com.zaxxer.hikari.HikariDataSource       : HikariPool-1 - Start completed.
2026-08-11T03:05:46.894+05:30  INFO 35851 --- [backend] [           main] org.hibernate.orm.connections.pooling    : HHH10001005: Database info:
	Database JDBC URL [Connecting through datasource 'HikariDataSource (HikariPool-1)']
	Database driver: undefined/unknown
	Database version: 16.14
	Autocommit mode: undefined/unknown
	Isolation level: undefined/unknown
	Minimum pool size: undefined/unknown
	Maximum pool size: undefined/unknown
2026-08-11T03:05:47.580+05:30  INFO 35851 --- [backend] [           main] o.h.e.t.j.p.i.JtaPlatformInitiator       : HHH000489: No JTA platform available (set 'hibernate.transaction.jta.platform' to enable JTA platform integration)
2026-08-11T03:05:47.752+05:30  INFO 35851 --- [backend] [           main] j.LocalContainerEntityManagerFactoryBean : Initialized JPA EntityManagerFactory for persistence unit 'default'
2026-08-11T03:05:47.894+05:30  INFO 35851 --- [backend] [           main] o.s.d.j.r.query.QueryEnhancerFactory     : Hibernate is in classpath; If applicable, HQL parser will be used.
2026-08-11T03:05:48.621+05:30  INFO 35851 --- [backend] [           main] eAuthenticationProviderManagerConfigurer : Global AuthenticationManager configured with AuthenticationProvider bean with name authenticationProvider
2026-08-11T03:05:48.621+05:30  WARN 35851 --- [backend] [           main] r$InitializeUserDetailsManagerConfigurer : Global AuthenticationManager configured with an AuthenticationProvider bean. UserDetailsService beans will not be used by Spring Security for automatically configuring username/password login. Consider removing the AuthenticationProvider bean. Alternatively, consider using the UserDetailsService in a manually instantiated DaoAuthenticationProvider. If the current configuration is intentional, to turn off this warning, increase the logging level of 'org.springframework.security.config.annotation.authentication.configuration.InitializeUserDetailsBeanManagerConfigurer' to ERROR
2026-08-11T03:05:49.324+05:30  WARN 35851 --- [backend] [           main] JpaBaseConfiguration$JpaWebConfiguration : spring.jpa.open-in-view is enabled by default. Therefore, database queries may be performed during view rendering. Explicitly configure spring.jpa.open-in-view to disable this warning
2026-08-11T03:05:49.557+05:30  INFO 35851 --- [backend] [           main] o.s.b.a.e.web.EndpointLinksResolver      : Exposing 1 endpoint beneath base path '/actuator'
2026-08-11T03:05:50.029+05:30  INFO 35851 --- [backend] [           main] o.s.m.s.b.SimpleBrokerMessageHandler     : Starting...
2026-08-11T03:05:50.029+05:30  INFO 35851 --- [backend] [           main] o.s.m.s.b.SimpleBrokerMessageHandler     : BrokerAvailabilityEvent[available=true, SimpleBrokerMessageHandler [org.springframework.messaging.simp.broker.DefaultSubscriptionRegistry@4e9f3885]]
2026-08-11T03:05:50.030+05:30  INFO 35851 --- [backend] [           main] o.s.m.s.b.SimpleBrokerMessageHandler     : Started.
2026-08-11T03:05:50.038+05:30  INFO 35851 --- [backend] [           main] o.s.b.w.embedded.tomcat.TomcatWebServer  : Tomcat started on port 8080 (http) with context path '/'
2026-08-11T03:05:50.041+05:30  INFO 35851 --- [backend] [           main] o.s.a.r.c.CachingConnectionFactory       : Attempting to connect to: [localhost:5672]
2026-08-11T03:05:50.069+05:30  INFO 35851 --- [backend] [           main] o.s.a.r.c.CachingConnectionFactory       : Created new connection: rabbitConnectionFactory#1d645bb2:0/SimpleConnection@2fdece0e [delegate=amqp://cp_user@127.0.0.1:5672/, localPort=56098]
2026-08-11T03:05:50.117+05:30  INFO 35851 --- [backend] [nio-8080-exec-1] o.a.c.c.C.[Tomcat].[localhost].[/]       : Initializing Spring DispatcherServlet 'dispatcherServlet'
2026-08-11T03:05:50.118+05:30  INFO 35851 --- [backend] [nio-8080-exec-1] o.s.web.servlet.DispatcherServlet        : Initializing Servlet 'dispatcherServlet'
2026-08-11T03:05:50.119+05:30  INFO 35851 --- [backend] [nio-8080-exec-1] o.s.web.servlet.DispatcherServlet        : Completed initialization in 1 ms
2026-08-11T03:05:50.167+05:30  INFO 35851 --- [backend] [           main] c.c.backend.BackendApplication           : Started BackendApplication in 5.447 seconds (process running for 5.659)
2026-08-11T03:05:51.262+05:30  INFO 35851 --- [backend] [           main] c.codeplatform.backend.seed.UserSeeder   : Users seeded successfully.
2026-08-11T03:05:51.312+05:30  INFO 35851 --- [backend] [           main] c.codeplatform.backend.seed.TagSeeder    : Tags seeded successfully.
2026-08-11T03:05:51.362+05:30  INFO 35851 --- [backend] [           main] c.c.backend.seed.ProblemSeeder           : Problems seeded successfully.
2026-08-11T03:05:51.401+05:30  INFO 35851 --- [backend] [           main] c.codeplatform.backend.seed.HintSeeder   : Hints seeded successfully.
2026-08-11T03:05:51.432+05:30  INFO 35851 --- [backend] [           main] c.c.backend.seed.TestCaseSeeder          : Test cases seeded successfully.
2026-08-11T03:05:51.452+05:30  INFO 35851 --- [backend] [           main] c.c.backend.seed.LanguageSeeder          : Languages seeded successfully.
2026-08-11T03:05:51.483+05:30  INFO 35851 --- [backend] [           main] c.c.backend.seed.ProblemTemplateSeeder   : Problem templates seeded successfully.
2026-08-11T03:05:52.660+05:30  WARN 35851 --- [backend] [nio-8080-exec-6] ration$PageModule$WarningLoggingModifier : Serializing PageImpl instances as-is is not supported, meaning that there is no guarantee about the stability of the resulting JSON structure!
	For a stable JSON structure, please use Spring Data's PagedModel (globally via @EnableSpringDataWebSupport(pageSerializationMode = VIA_DTO))
	or Spring HATEOAS and Spring Data's PagedResourcesAssembler as documented in https://docs.spring.io/spring-data/commons/reference/repositories/core-extensions.html#core.web.pageables.

Fetching submissions for problem ID: 1 for user ID: 4
Fetching submissions for problem ID: 1 for user ID: 4
Fetching submission detail for submission ID: 1 for user ID: 4
Fetching submissions for problem ID: 1 for user ID: 4
Fetching submissions for problem ID: 1 for user ID: 4
2026-08-11T03:06:49.990+05:30  INFO 35851 --- [backend] [MessageBroker-1] o.s.w.s.c.WebSocketMessageBrokerStats    : WebSocketSession[1 current WS(1)-HttpStream(0)-HttpPoll(0), 1 total, 0 closed abnormally (0 connect failure, 0 send limit, 0 transport error)], stompSubProtocol[processed CONNECT(1)-CONNECTED(1)-DISCONNECT(0)], stompBrokerRelay[null], inboundChannel[pool size = 5, active threads = 0, queued tasks = 0, completed tasks = 23], outboundChannel[pool size = 5, active threads = 0, queued tasks = 0, completed tasks = 23], sockJsScheduler[pool size = 1, active threads = 1, queued tasks = 0, completed tasks = 0]
Fetching submissions for problem ID: 1 for user ID: 4
2026-08-11T03:12:32.133+05:30  INFO 35851 --- [backend] [nio-8080-exec-8] c.c.backend.pythonAi.AiController        : AI Complexity Request | sessionId=edd3f4d4-b249-4aee-b872-b91e50bcca48 | problemId=1 | language=Cpp | sourceCodeLength=111
2026-08-11T03:12:32.135+05:30  INFO 35851 --- [backend] [nio-8080-exec-8] c.c.backend.pythonAi.AiController        : AI Complexity Request Published | sessionId=edd3f4d4-b249-4aee-b872-b91e50bcca48 | type=COMPLEXITY
2026-08-11T03:16:15.850+05:30  INFO 35851 --- [backend] [nio-8080-exec-4] c.c.backend.pythonAi.AiController        : AI Chat Request | sessionId=bfa8ccea-fd35-4a83-aae9-7afb6f1abf73 | messageLength=12 | historySize=0 | problemTitle=Two Sum | sourceCodeLength=111 | language=Cpp
2026-08-11T03:16:15.851+05:30  INFO 35851 --- [backend] [nio-8080-exec-4] c.c.backend.pythonAi.AiController        : AI Chat Request Published | sessionId=bfa8ccea-fd35-4a83-aae9-7afb6f1abf73 | type=CHAT
Fetching submissions for problem ID: 1 for user ID: 4
