[INFO] Scanning for projects...
[INFO] 
[INFO] ----------------------< com.worker:problemRunner >----------------------
[INFO] Building  0.0.1-SNAPSHOT
[INFO]   from pom.xml
[INFO] --------------------------------[ jar ]---------------------------------
[INFO] 
[INFO] >>> spring-boot:3.5.1:run (default-cli) > test-compile @ problemRunner >>>
[INFO] 
[INFO] --- resources:3.3.1:resources (default-resources) @ problemRunner ---
[INFO] Copying 1 resource from src/main/resources to target/classes
[INFO] Copying 0 resource from src/main/resources to target/classes
[INFO] 
[INFO] --- compiler:3.14.0:compile (default-compile) @ problemRunner ---
[INFO] Nothing to compile - all classes are up to date.
[INFO] 
[INFO] --- resources:3.3.1:testResources (default-testResources) @ problemRunner ---
[INFO] skip non existing resourceDirectory /home/vishal/projects/cdac-project/problemRunner/src/test/resources
[INFO] 
[INFO] --- compiler:3.14.0:testCompile (default-testCompile) @ problemRunner ---
[INFO] Nothing to compile - all classes are up to date.
[INFO] 
[INFO] <<< spring-boot:3.5.1:run (default-cli) < test-compile @ problemRunner <<<
[INFO] 
[INFO] 
[INFO] --- spring-boot:3.5.1:run (default-cli) @ problemRunner ---
[INFO] Attaching agents: []

  .   ____          _            __ _ _
 /\\ / ___'_ __ _ _(_)_ __  __ _ \ \ \ \
( ( )\___ | '_ | '_| | '_ \/ _` | \ \ \ \
 \\/  ___)| |_)| | | | | || (_| |  ) ) ) )
  '  |____| .__|_| |_|_| |_\__, | / / / /
 =========|_|==============|___/=/_/_/_/

 :: Spring Boot ::                (v3.5.1)

2026-08-11T03:05:41.737+05:30  INFO 35707 --- [problemRunner] [           main] o.s.a.r.c.CachingConnectionFactory       : Attempting to connect to: [localhost:5672]
2026-08-11T03:05:41.777+05:30  INFO 35707 --- [problemRunner] [           main] o.s.a.r.c.CachingConnectionFactory       : Created new connection: rabbitConnectionFactory#62d73ead:0/SimpleConnection@16736040 [delegate=amqp://cp_user@127.0.0.1:5672/, localPort=43152]
